// Jest Snapshot v1, https://goo.gl/fbAQLP

exports[`PopupWin component should render PopupWin component 1`] = `null`;
